Microchip MPLAB XC8 Compiler V2.41

Linker command line:

-W-3 \
  --edf=C:/Program Files/Microchip/MPLABX/v6.10/packs/Microchip/PIC18F-Q_DFP/1.17.379/xc8\pic\dat\20230323153512_en.msgs \
  -pivt0x8=08h -cn -h+dist/default/debug\OBD_TOOL_PCB_FINAL.X.debug.sym \
  --cmf=dist/default/debug\OBD_TOOL_PCB_FINAL.X.debug.cmf -z -Q18F27Q84 \
  -oC:\Users\TRUEMI~1\AppData\Local\Temp\xcAs1lk.\driver_tmp_3.o \
  --defsym=__MPLAB_BUILD=1 --fixupoverflow=error \
  -Mdist/default/debug/OBD_TOOL_PCB_FINAL.X.debug.map \
  --md=C:\Users\TRUEMI~1\AppData\Local\Temp\xcAs1lk.\driver_tmp_0.dat -E1 \
  -ver=XC8 Compiler --acfsm=1493 -ACODE=00h-01FFFFh -ACONST=00h-01FFFFh \
  -ASMALLCONST=04000h-040FFhx448 \
  -AMEDIUMCONST=04000h-0FFFFh,014000h-01FFFFh -ACOMRAM=0501h-055Fh \
  -AABS1=0500h-036FFh -ABIGRAM=0501h-036FFh \
  -ARAM=0560h-05FFh,0600h-06FFhx49 -ABANK5=0560h-05FFh -ABANK6=0600h-06FFh \
  -ABANK7=0700h-07FFh -ABANK8=0800h-08FFh -ABANK9=0900h-09FFh \
  -ABANK10=0A00h-0AFFh -ABANK11=0B00h-0BFFh -ABANK12=0C00h-0CFFh \
  -ABANK13=0D00h-0DFFh -ABANK14=0E00h-0EFFh -ABANK15=0F00h-0FFFh \
  -ABANK16=01000h-010FFh -ABANK17=01100h-011FFh -ABANK18=01200h-012FFh \
  -ABANK19=01300h-013FFh -ABANK20=01400h-014FFh -ABANK21=01500h-015FFh \
  -ABANK22=01600h-016FFh -ABANK23=01700h-017FFh -ABANK24=01800h-018FFh \
  -ABANK25=01900h-019FFh -ABANK26=01A00h-01AFFh -ABANK27=01B00h-01BFFh \
  -ABANK28=01C00h-01CFFh -ABANK29=01D00h-01DFFh -ABANK30=01E00h-01EFFh \
  -ABANK31=01F00h-01FFFh -ABANK32=02000h-020FFh -ABANK33=02100h-021FFh \
  -ABANK34=02200h-022FFh -ABANK35=02300h-023FFh -ABANK36=02400h-024FFh \
  -ABANK37=02500h-025FFh -ABANK38=02600h-026FFh -ABANK39=02700h-027FFh \
  -ABANK40=02800h-028FFh -ABANK41=02900h-029FFh -ABANK42=02A00h-02AFFh \
  -ABANK43=02B00h-02BFFh -ABANK44=02C00h-02CFFh -ABANK45=02D00h-02DFFh \
  -ABANK46=02E00h-02EFFh -ABANK47=02F00h-02FFFh -ABANK48=03000h-030FFh \
  -ABANK49=03100h-031FFh -ABANK50=03200h-032FFh -ABANK51=03300h-033FFh \
  -ABANK52=03400h-034FFh -ABANK53=03500h-035FFh -ABANK54=03600h-036FFh \
  -ASFR=00h-0FFhx4,0400h-045Fh,0460h-04FFh,03700h-037FFhx9 \
  -ABIGSFR=00h-04FFh,03700h-03FFFh -ACONFIG=0300000h-0300023h \
  -AIDLOC=0200000h-020003Fh -AEEDATA=0380000h-03803FFh -peeprom_data=EEDATA \
  -preset_vec=00h -ppowerup=CODE,init -pramtop=04000h \
  -psmallconst=SMALLCONST -pmediumconst=MEDIUMCONST -pconst=CONST \
  -AFARRAM=00h-00h \
  -prdata=COMRAM,nvrram=COMRAM,nvbit=COMRAM,rbss=COMRAM,rbit=COMRAM \
  -pfarbss=FARRAM,fardata=FARRAM,nvFARRAM=FARRAM \
  -pintsave_regs=BIGRAM,bigbss=BIGRAM,bigdata=BIGRAM -pbss=RAM \
  -pidata=CODE,irdata=CODE,ibigdata=CODE,ifardata=CODE -prparam=COMRAM \
  C:\Users\TRUEMI~1\AppData\Local\Temp\xcAs1lk.\driver_tmp_14.o \
  dist/default/debug\OBD_TOOL_PCB_FINAL.X.debug.o 

Object code version is 3.11

Machine type is 18F27Q84



                Name                               Link     Load   Length Selector   Space Scale
C:\Users\TRUEMI~1\AppData\Local\Temp\xcAs1lk.\driver_tmp_14.o
                config                           300000   300000       1F        0       4
                init                                 1A       1A        4        4       0
                reset_vec                             0        0        4        0       0
dist/default/debug\OBD_TOOL_PCB_FINAL.X.debug.o
                config                           300000   300000       1F        0       4
                mediumconst                        FE1A     FE1A      1E6     7F0D       0
                ivt0x8                                8        8       12        4       0
                text101                           169D0    169D0       1E     8000       0
                text100                           16A58    16A58       18     8000       0
                text99                            16514    16514       50     8000       0
                text98                            1415C    1415C      230     8000       0
                text97                            1559A    1559A       E6     8000       0
                text96                            1626C    1626C       5A     8000       0
                text95                            1582E    1582E       CA     8000       0
                text94                            114DA    114DA      880     8000       0
                text93                            168B0    168B0       2E     8000       0
                text92                            16B2C    16B2C        8     8000       0
                text91                            16790    16790       34     8000       0
                text90                            16B24    16B24        8     8000       0
                text89                            1675C    1675C       34     8000       0
                text88                            159C0    159C0       AA     8000       0
                text87                            16B4C    16B4C        6     8000       0
                text86                            16B56    16B56        2     8000       0
                text85                            16B54    16B54        2     8000       0
                text84                            158F8    158F8       C8     8000       0
                text83                            1663A    1663A       46     8000       0
                text82                            1509E    1509E      116     8000       0
                text81                            16A0A    16A0A       1C     8000       0
                text80                            15C42    15C42       92     8000       0
                text79                            16B12    16B12        A     8000       0
                text78                            15BAA    15BAA       98     8000       0
                text77                            16B04    16B04        E     8000       0
                text76                            16882    16882       2E     8000       0
                text75                            16986    16986       28     8000       0
                text74                            1690A    1690A       2C     8000       0
                text73                            16A70    16A70       14     8000       0
                text72                            1641C    1641C       54     8000       0
                text71                            16A84    16A84       10     8000       0
                text70                            16A40    16A40       18     8000       0
                text69                            160EE    160EE       66     8000       0
                text68                            1695E    1695E       28     8000       0
                text67                            16AF6    16AF6        E     8000       0
                text66                            168DE    168DE       2C     8000       0
                text65                            16AE8    16AE8        E     8000       0
                text64                            16728    16728       34     8000       0
                text63                            16ADA    16ADA        E     8000       0
                text62                            16ACC    16ACC        E     8000       0
                text61                            16ABE    16ABE        E     8000       0
                text60                            16AB0    16AB0        E     8000       0
                text59                            16AA2    16AA2        E     8000       0
                text58                            151B4    151B4      110     8000       0
                text57                            169AE    169AE       22     8000       0
                text56                            15D5E    15D5E       8A     8000       0
                text55                            163C8    163C8       54     8000       0
                text54                            14D24    14D24      134     8000       0
                text53                            154B4    154B4       E6     8000       0
                text52                            16212    16212       5A     8000       0
                text51                            15FAE    15FAE       6C     8000       0
                text50                            12470    12470      6D0     8000       0
                text49                            13BBC    13BBC      36C     8000       0
                text48                            16936    16936       28     8000       0
                text47                            16B46    16B46        6     8000       0
                text46                            16B40    16B40        6     8000       0
                text45                            169EE    169EE       1C     8000       0
                text44                            153CC    153CC       E8     8000       0
                text43                            164C2    164C2       52     8000       0
                text42                            13F28    13F28      234     8000       0
                text41                            165F4    165F4       46     8000       0
                text40                            15B10    15B10       9A     8000       0
                text39                            167C4    167C4       32     8000       0
                text38                            161B6    161B6       5C     8000       0
                text37                            15ED4    15ED4       6E     8000       0
                text36                            1438C    1438C      228     8000       0
                text35                            13840    13840      37C     8000       0
                text34                            16372    16372       56     8000       0
                text33                            12B40    12B40      4C2     8000       0
                text32                            134A4    134A4      39C     8000       0
                text31                            152C4    152C4      108     8000       0
                text30                            149E8    149E8      1B8     8000       0
                text29                            147D2    147D2      216     8000       0
                text28                            15A6A    15A6A       A6     8000       0
                text27                            15CD4    15CD4       8A     8000       0
                text26                            16A94    16A94        E     8000       0
                text25                            15762    15762       CC     8000       0
                text24                            165AC    165AC       48     8000       0
                text23                            15DE8    15DE8       7E     8000       0
                text22                            14F7C    14F7C      122     8000       0
                text21                            145B4    145B4      21E     8000       0
                text20                            1631C    1631C       56     8000       0
                text19                            162C6    162C6       56     8000       0
                text18                            11D5A    11D5A      716     8000       0
                text17                            16084    16084       6A     8000       0
                text16                            1601A    1601A       6A     8000       0
                text15                            15680    15680       E2     8000       0
                text14                            15F42    15F42       6C     8000       0
                text13                            166BA    166BA       3A     8000       0
                text12                            16154    16154       62     8000       0
                text11                            16854    16854       2E     8000       0
                text10                            16564    16564       48     8000       0
                text9                             16826    16826       2E     8000       0
                text8                             16680    16680       3A     8000       0
                text7                             13002    13002      4A2     8000       0
                text6                             166F4    166F4       34     8000       0
                text5                             16B3A    16B3A        6     8000       0
                text4                             16B34    16B34        6     8000       0
                text3                             15E66    15E66       6E     8000       0
                text2                             10000    10000     14DA     8000       0
                text1                             16470    16470       52     8000       0
                text0                             14BA0    14BA0      184     8000       0
                cstackCOMRAM                        501      501       34      501       1
                cstackBANK5                         560      560       75      560       1
                cstackBANK6                         600      600       F2      600       1
                bssBIGRAM                           EFA      EFA      12C      EFA       1
                bssBANK14                           E00      E00       FA      E00       1
                bssBANK13                           D00      D00       96      D00       1
                bssBANK12                           C00      C00       96      C00       1
                bssBANK11                           B00      B00       C8      B00       1
                bssBANK10                           A00      A00       E6      A00       1
                dataBANK9                           9DE      9DE        8      900       1
                bssBANK9                            900      900       DE      900       1
                dataBANK8                           8C6      8C6       30      800       1
                bssBANK8                            800      800       C6      800       1
                dataBANK7                           7E4      7E4       1A      700       1
                bssBANK7                            700      700       E4      700       1
                bssBANK6                            6F2      6F2        E      600       1
                dataBANK5                           5FE      5FE        2      560       1
                bssBANK5                            5D5      5D5       29      560       1
                bssCOMRAM                           535      535       2B      501       1
                cinit                             14E58    14E58      124     8000       0
                nvBANK9                             9E6      9E6        3      900       1
                nvBANK8                             8F6      8F6        9      800       1
                nvBANK7                             7FE      7FE        1      700       1
                idataBANK9                        16B1C    16B1C        8     8000       0
                idataBANK8                        167F6    167F6       30     8000       0
                idataBANK7                        16A26    16A26       1A     8000       0
                idataBANK5                        16B52    16B52        2     8000       0

TOTAL           Name                               Link     Load   Length     Space
        CLASS   CODE           
                init                                 1A       1A        4         0
                reset_vec                             0        0        4         0
                ivt0x8                                8        8       12         0
                text101                           169D0    169D0       1E         0
                text100                           16A58    16A58       18         0
                text99                            16514    16514       50         0
                text98                            1415C    1415C      230         0
                text97                            1559A    1559A       E6         0
                text96                            1626C    1626C       5A         0
                text95                            1582E    1582E       CA         0
                text94                            114DA    114DA      880         0
                text93                            168B0    168B0       2E         0
                text92                            16B2C    16B2C        8         0
                text91                            16790    16790       34         0
                text90                            16B24    16B24        8         0
                text89                            1675C    1675C       34         0
                text88                            159C0    159C0       AA         0
                text87                            16B4C    16B4C        6         0
                text86                            16B56    16B56        2         0
                text85                            16B54    16B54        2         0
                text84                            158F8    158F8       C8         0
                text83                            1663A    1663A       46         0
                text82                            1509E    1509E      116         0
                text81                            16A0A    16A0A       1C         0
                text80                            15C42    15C42       92         0
                text79                            16B12    16B12        A         0
                text78                            15BAA    15BAA       98         0
                text77                            16B04    16B04        E         0
                text76                            16882    16882       2E         0
                text75                            16986    16986       28         0
                text74                            1690A    1690A       2C         0
                text73                            16A70    16A70       14         0
                text72                            1641C    1641C       54         0
                text71                            16A84    16A84       10         0
                text70                            16A40    16A40       18         0
                text69                            160EE    160EE       66         0
                text68                            1695E    1695E       28         0
                text67                            16AF6    16AF6        E         0
                text66                            168DE    168DE       2C         0
                text65                            16AE8    16AE8        E         0
                text64                            16728    16728       34         0
                text63                            16ADA    16ADA        E         0
                text62                            16ACC    16ACC        E         0
                text61                            16ABE    16ABE        E         0
                text60                            16AB0    16AB0        E         0
                text59                            16AA2    16AA2        E         0
                text58                            151B4    151B4      110         0
                text57                            169AE    169AE       22         0
                text56                            15D5E    15D5E       8A         0
                text55                            163C8    163C8       54         0
                text54                            14D24    14D24      134         0
                text53                            154B4    154B4       E6         0
                text52                            16212    16212       5A         0
                text51                            15FAE    15FAE       6C         0
                text50                            12470    12470      6D0         0
                text49                            13BBC    13BBC      36C         0
                text48                            16936    16936       28         0
                text47                            16B46    16B46        6         0
                text46                            16B40    16B40        6         0
                text45                            169EE    169EE       1C         0
                text44                            153CC    153CC       E8         0
                text43                            164C2    164C2       52         0
                text42                            13F28    13F28      234         0
                text41                            165F4    165F4       46         0
                text40                            15B10    15B10       9A         0
                text39                            167C4    167C4       32         0
                text38                            161B6    161B6       5C         0
                text37                            15ED4    15ED4       6E         0
                text36                            1438C    1438C      228         0
                text35                            13840    13840      37C         0
                text34                            16372    16372       56         0
                text33                            12B40    12B40      4C2         0
                text32                            134A4    134A4      39C         0
                text31                            152C4    152C4      108         0
                text30                            149E8    149E8      1B8         0
                text29                            147D2    147D2      216         0
                text28                            15A6A    15A6A       A6         0
                text27                            15CD4    15CD4       8A         0
                text26                            16A94    16A94        E         0
                text25                            15762    15762       CC         0
                text24                            165AC    165AC       48         0
                text23                            15DE8    15DE8       7E         0
                text22                            14F7C    14F7C      122         0
                text21                            145B4    145B4      21E         0
                text20                            1631C    1631C       56         0
                text19                            162C6    162C6       56         0
                text18                            11D5A    11D5A      716         0
                text17                            16084    16084       6A         0
                text16                            1601A    1601A       6A         0
                text15                            15680    15680       E2         0
                text14                            15F42    15F42       6C         0
                text13                            166BA    166BA       3A         0
                text12                            16154    16154       62         0
                text11                            16854    16854       2E         0
                text10                            16564    16564       48         0
                text9                             16826    16826       2E         0
                text8                             16680    16680       3A         0
                text7                             13002    13002      4A2         0
                text6                             166F4    166F4       34         0
                text5                             16B3A    16B3A        6         0
                text4                             16B34    16B34        6         0
                text3                             15E66    15E66       6E         0
                text2                             10000    10000     14DA         0
                text1                             16470    16470       52         0
                text0                             14BA0    14BA0      184         0
                cinit                             14E58    14E58      124         0
                idataBANK9                        16B1C    16B1C        8         0
                idataBANK8                        167F6    167F6       30         0
                idataBANK7                        16A26    16A26       1A         0
                idataBANK5                        16B52    16B52        2         0

        CLASS   CONST          

        CLASS   SMALLCONST     

        CLASS   MEDIUMCONST    
                mediumconst                        FE1A     FE1A      1E6         0

        CLASS   COMRAM         
                cstackCOMRAM                        501      501       34         1
                bssCOMRAM                           535      535       2B         1

        CLASS   ABS1           

        CLASS   BIGRAM         
                bssBIGRAM                           EFA      EFA      12C         1

        CLASS   RAM            

        CLASS   BANK5          
                cstackBANK5                         560      560       75         1
                dataBANK5                           5FE      5FE        2         1
                bssBANK5                            5D5      5D5       29         1

        CLASS   BANK6          
                cstackBANK6                         600      600       F2         1
                bssBANK6                            6F2      6F2        E         1

        CLASS   BANK7          
                dataBANK7                           7E4      7E4       1A         1
                bssBANK7                            700      700       E4         1
                nvBANK7                             7FE      7FE        1         1

        CLASS   BANK8          
                dataBANK8                           8C6      8C6       30         1
                bssBANK8                            800      800       C6         1
                nvBANK8                             8F6      8F6        9         1

        CLASS   BANK9          
                dataBANK9                           9DE      9DE        8         1
                bssBANK9                            900      900       DE         1
                nvBANK9                             9E6      9E6        3         1

        CLASS   BANK10         
                bssBANK10                           A00      A00       E6         1

        CLASS   BANK11         
                bssBANK11                           B00      B00       C8         1

        CLASS   BANK12         
                bssBANK12                           C00      C00       96         1

        CLASS   BANK13         
                bssBANK13                           D00      D00       96         1

        CLASS   BANK14         
                bssBANK14                           E00      E00       FA         1

        CLASS   BANK15         

        CLASS   BANK16         

        CLASS   BANK17         

        CLASS   BANK18         

        CLASS   BANK19         

        CLASS   BANK20         

        CLASS   BANK21         

        CLASS   BANK22         

        CLASS   BANK23         

        CLASS   BANK24         

        CLASS   BANK25         

        CLASS   BANK26         

        CLASS   BANK27         

        CLASS   BANK28         

        CLASS   BANK29         

        CLASS   BANK30         

        CLASS   BANK31         

        CLASS   BANK32         

        CLASS   BANK33         

        CLASS   BANK34         

        CLASS   BANK35         

        CLASS   BANK36         

        CLASS   BANK37         

        CLASS   BANK38         

        CLASS   BANK39         

        CLASS   BANK40         

        CLASS   BANK41         

        CLASS   BANK42         

        CLASS   BANK43         

        CLASS   BANK44         

        CLASS   BANK45         

        CLASS   BANK46         

        CLASS   BANK47         

        CLASS   BANK48         

        CLASS   BANK49         

        CLASS   BANK50         

        CLASS   BANK51         

        CLASS   BANK52         

        CLASS   BANK53         

        CLASS   BANK54         

        CLASS   SFR            

        CLASS   BIGSFR         

        CLASS   CONFIG         
                config                           300000   300000       1F         4

        CLASS   IDLOC          

        CLASS   EEDATA         

        CLASS   FARRAM         

        CLASS   HEAP           

        CLASS   STACK          



SEGMENTS        Name                           Load    Length   Top    Selector   Space  Class

                reset_vec                      000000  000004  000004         0       0  CODE    
                ivt0x8                         000008  000016  00001E         4       0  CODE    
                cstackCOMRAM                   000501  00005F  000560       501       1  COMRAM  
                cstackBANK5                    000560  0000A0  000600       560       1  BANK5   
                cstackBANK6                    000600  000100  000700       600       1  BANK6   
                bssBANK7                       000700  0000FF  0007FF       700       1  BANK7   
                bssBANK8                       000800  0000FF  0008FF       800       1  BANK8   
                bssBANK9                       000900  0000E9  0009E9       900       1  BANK9   
                bssBANK10                      000A00  0000E6  000AE6       A00       1  BANK10  
                bssBANK11                      000B00  0000C8  000BC8       B00       1  BANK11  
                bssBANK12                      000C00  000096  000C96       C00       1  BANK12  
                bssBANK13                      000D00  000096  000D96       D00       1  BANK13  
                bssBANK14                      000E00  0000FA  000EFA       E00       1  BANK14  
                bssBIGRAM                      000EFA  00012C  001026       EFA       1  BIGRAM  
                mediumconst                    00FE1A  0001E6  010000      7F0D       0  MEDIUMCO
                text2                          010000  006B58  016B58      8000       0  CODE    


UNUSED ADDRESS RANGES

        Name                Unused          Largest block    Delta
        BANK10           000AE6-000AFF               1A
        BANK11           000BC8-000BFF               38
        BANK12           000C96-000CFF               6A
        BANK13           000D96-000DFF               6A
        BANK16           001026-0010FF               DA
        BANK17           001100-0011FF              100
        BANK18           001200-0012FF              100
        BANK19           001300-0013FF              100
        BANK20           001400-0014FF              100
        BANK21           001500-0015FF              100
        BANK22           001600-0016FF              100
        BANK23           001700-0017FF              100
        BANK24           001800-0018FF              100
        BANK25           001900-0019FF              100
        BANK26           001A00-001AFF              100
        BANK27           001B00-001BFF              100
        BANK28           001C00-001CFF              100
        BANK29           001D00-001DFF              100
        BANK30           001E00-001EFF              100
        BANK31           001F00-001FFF              100
        BANK32           002000-0020FF              100
        BANK33           002100-0021FF              100
        BANK34           002200-0022FF              100
        BANK35           002300-0023FF              100
        BANK36           002400-0024FF              100
        BANK37           002500-0025FF              100
        BANK38           002600-0026FF              100
        BANK39           002700-0027FF              100
        BANK40           002800-0028FF              100
        BANK41           002900-0029FF              100
        BANK42           002A00-002AFF              100
        BANK43           002B00-002BFF              100
        BANK44           002C00-002CFF              100
        BANK45           002D00-002DFF              100
        BANK46           002E00-002EFF              100
        BANK47           002F00-002FFF              100
        BANK48           003000-0030FF              100
        BANK49           003100-0031FF              100
        BANK50           003200-0032FF              100
        BANK51           003300-0033FF              100
        BANK52           003400-0034FF              100
        BANK53           003500-0035FF              100
        BANK54           003600-0036FF              100
        BANK7            0007FF-0007FF                1
        BANK8            0008FF-0008FF                1
        BANK9            0009E9-0009FF               17
        BIGRAM           0007FF-0007FF                1
                         0008FF-0008FF                1
                         0009E9-0009FF               17
                         000AE6-000AFF               1A
                         000BC8-000BFF               38
                         000C96-000CFF               6A
                         000D96-000DFF               6A
                         001026-0036FF             26DA
        BIGSFR           000000-0004FF              500
                         003700-003FFF              900
        CODE             000004-000007                4
                         00001E-00FE19             FDFC
                         016B58-01FFFF             94A8
        CONFIG           30001F-300023                5
        CONST            000004-000007                4
                         00001E-00FE19             FDFC
                         016B58-01FFFF             94A8
        EEDATA           380000-3803FF              400
        IDLOC            200000-20003F               40
        MEDIUMCONST      004000-00FE19             BE1A
                         016B58-01FFFF             94A8
        RAM              0007FF-0007FF                1
                         0008FF-0008FF                1
                         0009E9-0009FF               17
                         000AE6-000AFF               1A
                         000BC8-000BFF               38
                         000C96-000CFF               6A
                         000D96-000DFF               6A
                         001026-0036FF              100
        SFR              000000-0004FF              100
                         003700-003FFF              100
        SMALLCONST       004000-00FE19              100
                         016B58-01FFFF              100

                                  Symbol Table

?___fladd                                     cstackBANK5  00056E
?___fldiv                                     cstackBANK5  00057E
?___fltol                                     cstackBANK5  0005AB
?___lldiv                                     cstackBANK5  000560
?___llmod                                     cstackBANK5  000560
?___lmul                                      cstackBANK5  000560
?___strtoxl                                   cstackBANK5  00056D
?___xxtofl                                    cstackBANK5  000560
?_ceilf                                       cstackBANK5  000597
?_isalnum                                     cstackBANK5  000566
?_isalpha                                     cstackBANK5  000560
?_isdigit                                     cstackBANK5  000560
?_islower                                     cstackBANK5  000560
?_isspace                                     cstackBANK5  000560
?_sprintf                                     cstackBANK6  000600
?_strchr                                      cstackBANK5  000560
?_strcspn                                     cstackBANK5  000566
?_strlen                                      cstackBANK5  000560
?_strncmp                                     cstackBANK5  000560
?_strspn                                      cstackBANK5  000566
?_strstr                                      cstackBANK5  00056B
?_strtok                                      cstackBANK5  00056D
?_strtol                                      cstackBANK5  00058A
?_toupper                                     cstackBANK5  000564
?_vfprintf                                    cstackBANK5  00059A
AT_command_search@pos0                        cstackBANK5  00057A
AT_command_search@pos1                        cstackBANK5  00057C
AT_command_search@pos2                        cstackBANK5  00057E
AT_command_search@pos3                        cstackBANK5  000580
AT_command_search@pos4                        cstackBANK5  000582
AT_command_search@pos5                        cstackBANK5  000588
AT_command_search@pos6                        cstackBANK5  000584
AT_command_search@pos7                        cstackBANK5  000586
CAN1_OperationModeSet@opMode                  cstackBANK5  000560
CAN1_OperationModeSet@requestMode             cstackBANK5  000562
CAN1_OperationModeSet@status                  cstackBANK5  000561
CAN1_RX_FIFO_ResetInfo@index                  cstackBANK5  000560
CAN1_ReceiveFrom@channel                      cstackCOMRAM 000525
CAN1_ReceiveFrom@index                        cstackCOMRAM 000526
CAN1_ReceiveFrom@rxCanMsg                     cstackCOMRAM 000521
CAN1_ReceiveFrom@status                       cstackCOMRAM 000524
CAN1_ReceivedMessageCountGet@channel          cstackCOMRAM 000506
CAN1_ReceivedMessageCountGet@fifoDepth        cstackCOMRAM 000507
CAN1_ReceivedMessageCountGet@fifoHead         cstackCOMRAM 000509
CAN1_ReceivedMessageCountGet@fifoTail         cstackCOMRAM 000508
CAN1_ReceivedMessageCountGet@index            cstackCOMRAM 00050A
CAN1_ReceivedMessageCountGet@numOfMsg         cstackCOMRAM 000504
CAN1_ReceivedMessageCountGet@rxMsgStatus      cstackCOMRAM 000505
CAN1_ReceivedMessageCountGet@totalMsgObj      cstackCOMRAM 000503
CAN1_SetFIFO1NotEmptyHandler@handler          cstackBANK5  000560
CAN1_Transmit@fifoChannel                     cstackBANK5  00057B
CAN1_Transmit@status                          cstackBANK5  000578
CAN1_Transmit@txCanMsg                        cstackBANK5  000576
CAN1_Transmit@txFifoObj                       cstackBANK5  000579
CAN1_TransmitFIFOStatusGet@fifoChannel        cstackBANK5  000563
CAN1_TransmitFIFOStatusGet@status             cstackBANK5  000562
DATAEE_ReadByte@bAdd                          cstackBANK5  000560
DATAEE_WriteByte@GIEBitValue                  cstackBANK5  000563
DATAEE_WriteByte@bAdd                         cstackBANK5  000560
DATAEE_WriteByte@bData                        cstackBANK5  000562
DefaultFIFO1NotEmptyHandler@Receive_message   cstackCOMRAM 000528
GetRxFifoDepth@validChannel                   cstackCOMRAM 000502
GetRxFifoStatus@validChannel                  cstackCOMRAM 000501
GetTxFifoStatus@validChannel                  cstackBANK5  000560
IVTBASEH                                      (abs)        00045E
IVTBASEL                                      (abs)        00045D
IVTBASEU                                      (abs)        00045F
ReadMessageFromFifo@msgId                     cstackCOMRAM 000512
ReadMessageFromFifo@rxCanMsg                  cstackCOMRAM 00050E
ReadMessageFromFifo@rxFifoObj                 cstackCOMRAM 00050C
ReadMessageFromFifo@status                    cstackCOMRAM 000516
Receive@channel                               cstackCOMRAM 000517
Receive@index                                 cstackCOMRAM 000520
Receive@rxCanMsg                              cstackCOMRAM 000518
Receive@rxFifoObj                             cstackCOMRAM 00051D
Receive@rxMsgStatus                           cstackCOMRAM 00051F
Receive@status                                cstackCOMRAM 00051C
TMR0_SetInterruptHandler@InterruptHandler     cstackBANK5  000560
TMR2_SetInterruptHandler@InterruptHandler     cstackBANK5  000560
UART2_RxDataHandler@i                         cstackCOMRAM 000502
UART2_SetErrorHandler@interruptHandler        cstackBANK5  000560
UART2_SetFramingErrorHandler@interruptHandler cstackBANK5  000560
UART2_SetOverrunErrorHandler@interruptHandler cstackBANK5  000560
UART2_SetRxInterruptHandler@InterruptHandler  cstackBANK5  000560
UART2_SetTxInterruptHandler@InterruptHandler  cstackBANK5  000560
UART2_Write@txData                            cstackBANK5  000560
ValidateTransmission@field                    cstackBANK5  000568
ValidateTransmission@txCanMsg                 cstackBANK5  000561
ValidateTransmission@txMsgStatus              cstackBANK5  000567
ValidateTransmission@validChannel             cstackBANK5  000566
WriteMessageToFifo@msgId                      cstackBANK5  000572
WriteMessageToFifo@status                     cstackBANK5  000571
WriteMessageToFifo@txCanMsg                   cstackBANK5  00056D
WriteMessageToFifo@txFifoObj                  cstackBANK5  00056B
_ANSELA                                       (abs)        000400
_ANSELB                                       (abs)        000408
_ANSELC                                       (abs)        000410
_AT_command                                   bssBANK7     0007DC
_AT_command_search                            text50       012470
_AT_error                                     dataBANK8    0008C6
_B2G_config_data_flow                         text36       01438C
_BMS_ID_req                                   dataBANK8    0008DA
_BMS_bootloader_packet_num                    bssBANK6     0006FC
_BMS_bootloader_string_array                  bssBANK11    000B00
_C1CONH                                       (abs)        000101
_C1CONHbits                                   (abs)        000101
_C1CONL                                       (abs)        000100
_C1CONTbits                                   (abs)        000103
_C1CONU                                       (abs)        000102
_C1CONUbits                                   (abs)        000102
_C1FIFOBA                                     (abs)        00014C
_C1FIFOCON1H                                  (abs)        00015D
_C1FIFOCON1L                                  (abs)        00015C
_C1FIFOCON1T                                  (abs)        00015F
_C1FIFOCON1U                                  (abs)        00015E
_C1FIFOSTA1Lbits                              (abs)        000160
_C1FLTCON0L                                   (abs)        000180
_C1FLTOBJ0H                                   (abs)        00018D
_C1FLTOBJ0L                                   (abs)        00018C
_C1FLTOBJ0T                                   (abs)        00018F
_C1FLTOBJ0U                                   (abs)        00018E
_C1INTHbits                                   (abs)        00011D
_C1INTTbits                                   (abs)        00011F
_C1INTUbits                                   (abs)        00011E
_C1MASK0H                                     (abs)        000191
_C1MASK0L                                     (abs)        000190
_C1MASK0T                                     (abs)        000193
_C1MASK0U                                     (abs)        000192
_C1NBTCFGH                                    (abs)        000105
_C1NBTCFGL                                    (abs)        000104
_C1NBTCFGT                                    (abs)        000107
_C1NBTCFGU                                    (abs)        000106
_C1TRECUbits                                  (abs)        000136
_C1TXQCONH                                    (abs)        000151
_C1TXQCONL                                    (abs)        000150
_C1TXQCONT                                    (abs)        000153
_C1TXQCONU                                    (abs)        000152
_CAN1_BitRateConfiguration                    text80       015C42
_CAN1_FIFO1NotEmptyHandler                    bssBANK7     0007CA
_CAN1_Initialize                              text72       01641C
_CAN1_OperationModeGet                        text79       016B12
_CAN1_OperationModeSet                        text78       015BAA
_CAN1_RXI_ISR                                 text93       0168B0
_CAN1_RX_FIFO_Configuration                   text76       016882
_CAN1_RX_FIFO_FilterMaskConfiguration         text75       016986
_CAN1_RX_FIFO_ResetInfo                       text74       01690A
_CAN1_ReceiveFrom                             text96       01626C
_CAN1_ReceivedMessageCountGet                 text95       01582E
_CAN1_SetFIFO1NotEmptyHandler                 text77       016B04
_CAN1_TX_FIFO_Configuration                   text73       016A70
_CAN1_Transmit                                text40       015B10
_CAN1_TransmitFIFOStatusGet                   text39       0167C4
_CANRXPPS                                     (abs)        00023D
_CAN_main_data                                text35       013840
_DATAEE_ReadByte                              text81       016A0A
_DATAEE_WriteByte                             text34       016372
_DLC_BYTES                                    mediumconst  00FE1B
_DefaultFIFO1NotEmptyHandler                  text94       0114DA
_GUI_baud_rate                                nvBANK7      0007FE
_GetRxFifoDepth                               text101      0169D0
_GetRxFifoStatus                              text100      016A58
_GetTxFifoStatus                              text45       0169EE
_INLVLA                                       (abs)        000404
_INLVLB                                       (abs)        00040C
_INLVLC                                       (abs)        000414
_INLVLE                                       (abs)        000424
_INTCON0bits                                  (abs)        0004D6
_INTERRUPT_Initialize                         text71       016A84
_INTERRUPT_InterruptManagerHigh               text82       01509E
_IPR3bits                                     (abs)        000365
_IPR4bits                                     (abs)        000366
_IPR8bits                                     (abs)        00036A
_LATA                                         (abs)        0004BE
_LATB                                         (abs)        0004BF
_LATBbits                                     (abs)        0004BF
_LATC                                         (abs)        0004C0
_LATCbits                                     (abs)        0004C0
_NVMADRH                                      (abs)        000044
_NVMADRL                                      (abs)        000043
_NVMADRU                                      (abs)        000045
_NVMCON0bits                                  (abs)        000040
_NVMCON1bits                                  (abs)        000041
_NVMDATL                                      (abs)        000046
_NVMLOCK                                      (abs)        000042
_OBD_event                                    bssBANK6     0006FD
_OBD_reset                                    bssBANK5     0005EC
_ODCONA                                       (abs)        000402
_ODCONB                                       (abs)        00040A
_ODCONC                                       (abs)        000412
_OSCCON1                                      (abs)        0000AD
_OSCCON3                                      (abs)        0000AF
_OSCEN                                        (abs)        0000B3
_OSCFRQ                                       (abs)        0000B1
_OSCILLATOR_Initialize                        text70       016A40
_OSCTUNE                                      (abs)        0000B0
_PIE3bits                                     (abs)        0004A1
_PIE4bits                                     (abs)        0004A2
_PIE8bits                                     (abs)        0004A6
_PIN_MANAGER_Initialize                       text69       0160EE
_PIR15bits                                    (abs)        0004BD
_PIR3bits                                     (abs)        0004B1
_PIR4bits                                     (abs)        0004B2
_PIR8bits                                     (abs)        0004B6
_PMD0                                         (abs)        000060
_PMD1                                         (abs)        000061
_PMD2                                         (abs)        000062
_PMD3                                         (abs)        000063
_PMD4                                         (abs)        000064
_PMD5                                         (abs)        000065
_PMD6                                         (abs)        000066
_PMD7                                         (abs)        000067
_PMD8                                         (abs)        000068
_PMD_Initialize                               text68       01695E
_PR2                                          (abs)        000323
_RB3PPS                                       (abs)        00020C
_RC6PPS                                       (abs)        000217
_ReadMessageFromFifo                          text98       01415C
_Receive                                      text97       01559A
_SLRCONA                                      (abs)        000403
_SLRCONB                                      (abs)        00040B
_SLRCONC                                      (abs)        000413
_SOC                                          bssCOMRAM    00054D
_SYSTEM_Initialize                            text57       0169AE
_T0CON0                                       (abs)        00031A
_T0CON0bits                                   (abs)        00031A
_T0CON1                                       (abs)        00031B
_T2CLKCON                                     (abs)        000326
_T2CON                                        (abs)        000324
_T2CONbits                                    (abs)        000324
_T2HLT                                        (abs)        000325
_T2HLTbits                                    (abs)        000325
_T2PR                                         (abs)        000323
_T2RST                                        (abs)        000327
_T2RSTbits                                    (abs)        000327
_T2TMR                                        (abs)        000322
_TABLAT                                       (abs)        0004F5
_TBLPTRH                                      (abs)        0004F7
_TBLPTRL                                      (abs)        0004F6
_TBLPTRU                                      (abs)        0004F8
_TMR0H                                        (abs)        000319
_TMR0L                                        (abs)        000318
_TMR0_DefaultInterruptHandler                 text92       016B2C
_TMR0_ISR                                     text91       016790
_TMR0_Initialize                              text66       0168DE
_TMR0_InterruptHandler                        nvBANK8      0008F9
_TMR0_SetInterruptHandler                     text67       016AF6
_TMR0_StartTimer                              text5        016B3A
_TMR0_StopTimer                               text4        016B34
_TMR2                                         (abs)        000322
_TMR2_DefaultInterruptHandler                 text90       016B24
_TMR2_ISR                                     text89       01675C
_TMR2_Initialize                              text64       016728
_TMR2_InterruptHandler                        nvBANK8      0008F6
_TMR2_SetInterruptHandler                     text65       016AE8
_TMR2_Start                                   text47       016B46
_TMR2_Stop                                    text46       016B40
_TRISA                                        (abs)        0004C6
_TRISB                                        (abs)        0004C7
_TRISC                                        (abs)        0004C8
_TRISE                                        (abs)        0004CA
_TU16ACON0bits                                (abs)        000387
_Tx_baud_125                                  dataBANK8    0008DE
_Tx_baud_250                                  dataBANK8    0008E2
_Tx_baud_500                                  dataBANK8    0008E6
_U2BRGH                                       (abs)        0002C2
_U2BRGL                                       (abs)        0002C1
_U2CON0                                       (abs)        0002BE
_U2CON1                                       (abs)        0002BF
_U2CON2                                       (abs)        0002C0
_U2ERRIE                                      (abs)        0002C6
_U2ERRIR                                      (abs)        0002C5
_U2ERRIRbits                                  (abs)        0002C5
_U2FIFO                                       (abs)        0002C3
_U2P1H                                        (abs)        0002B9
_U2P1L                                        (abs)        0002B8
_U2P2H                                        (abs)        0002BB
_U2P2L                                        (abs)        0002BA
_U2P3H                                        (abs)        0002BD
_U2P3L                                        (abs)        0002BC
_U2RXB                                        (abs)        0002B4
_U2RXPPS                                      (abs)        000274
_U2TXB                                        (abs)        0002B6
_U2UIR                                        (abs)        0002C4
_UART2_DefaultErrorHandler                    text87       016B4C
_UART2_DefaultFramingErrorHandler             text86       016B56
_UART2_DefaultOverrunErrorHandler             text85       016B54
_UART2_ErrorHandler                           bssBANK7     0007CD
_UART2_FramingErrorHandler                    bssBANK7     0007D3
_UART2_Initialize                             text58       0151B4
_UART2_OverrunErrorHandler                    bssBANK7     0007D0
_UART2_Receive_ISR                            text84       0158F8
_UART2_RxDataHandler                          text88       0159C0
_UART2_RxInterruptHandler                     nvBANK8      0008FC
_UART2_SetErrorHandler                        text63       016ADA
_UART2_SetFramingErrorHandler                 text62       016ACC
_UART2_SetOverrunErrorHandler                 text61       016ABE
_UART2_SetRxInterruptHandler                  text60       016AB0
_UART2_SetTxInterruptHandler                  text59       016AA2
_UART2_Transmit_ISR                           text83       01663A
_UART2_TxInterruptHandler                     nvBANK9      0009E6
_UART2_Write                                  text52       016212
_ValidateTransmission                         text44       0153CC
_WPUA                                         (abs)        000401
_WPUB                                         (abs)        000409
_WPUC                                         (abs)        000411
_WPUE                                         (abs)        000421
_WriteMessageToFifo                           text42       013F28
__HRAM                                        (abs)        000000
__H__absolute__                               __absolute__ 000000
__Habs1                                       abs1         000000
__Hbank10                                     bank10       000000
__Hbank11                                     bank11       000000
__Hbank12                                     bank12       000000
__Hbank13                                     bank13       000000
__Hbank14                                     bank14       000000
__Hbank15                                     bank15       000000
__Hbank16                                     bank16       000000
__Hbank17                                     bank17       000000
__Hbank18                                     bank18       000000
__Hbank19                                     bank19       000000
__Hbank20                                     bank20       000000
__Hbank21                                     bank21       000000
__Hbank22                                     bank22       000000
__Hbank23                                     bank23       000000
__Hbank24                                     bank24       000000
__Hbank25                                     bank25       000000
__Hbank26                                     bank26       000000
__Hbank27                                     bank27       000000
__Hbank28                                     bank28       000000
__Hbank29                                     bank29       000000
__Hbank30                                     bank30       000000
__Hbank31                                     bank31       000000
__Hbank32                                     bank32       000000
__Hbank33                                     bank33       000000
__Hbank34                                     bank34       000000
__Hbank35                                     bank35       000000
__Hbank36                                     bank36       000000
__Hbank37                                     bank37       000000
__Hbank38                                     bank38       000000
__Hbank39                                     bank39       000000
__Hbank40                                     bank40       000000
__Hbank41                                     bank41       000000
__Hbank42                                     bank42       000000
__Hbank43                                     bank43       000000
__Hbank44                                     bank44       000000
__Hbank45                                     bank45       000000
__Hbank46                                     bank46       000000
__Hbank47                                     bank47       000000
__Hbank48                                     bank48       000000
__Hbank49                                     bank49       000000
__Hbank5                                      bank5        000000
__Hbank50                                     bank50       000000
__Hbank51                                     bank51       000000
__Hbank52                                     bank52       000000
__Hbank53                                     bank53       000000
__Hbank54                                     bank54       000000
__Hbank6                                      bank6        000000
__Hbank7                                      bank7        000000
__Hbank8                                      bank8        000000
__Hbank9                                      bank9        000000
__Hbigbss                                     bigbss       000000
__Hbigdata                                    bigdata      000000
__Hbigram                                     bigram       000000
__Hbigsfr                                     bigsfr       000000
__Hbss                                        bss          000000
__HbssBANK10                                  bssBANK10    000000
__HbssBANK11                                  bssBANK11    000000
__HbssBANK12                                  bssBANK12    000000
__HbssBANK13                                  bssBANK13    000000
__HbssBANK14                                  bssBANK14    000000
__HbssBANK5                                   bssBANK5     000000
__HbssBANK6                                   bssBANK6     000000
__HbssBANK7                                   bssBANK7     000000
__HbssBANK8                                   bssBANK8     000000
__HbssBANK9                                   bssBANK9     000000
__HbssBIGRAM                                  bssBIGRAM    000000
__HbssCOMRAM                                  bssCOMRAM    000000
__Hcinit                                      cinit        000000
__Hclrtext                                    clrtext      000000
__Hcomram                                     comram       000000
__Hconfig                                     config       30001F
__Hconst                                      const        000000
__HcstackBANK5                                cstackBANK5  000000
__HcstackBANK6                                cstackBANK6  000000
__HcstackCOMRAM                               cstackCOMRAM 000000
__Hdata                                       data         000000
__HdataBANK5                                  dataBANK5    000000
__HdataBANK7                                  dataBANK7    000000
__HdataBANK8                                  dataBANK8    000000
__HdataBANK9                                  dataBANK9    000000
__Heeprom_data                                eeprom_data  000000
__Hfarbss                                     farbss       000000
__Hfardata                                    fardata      000000
__Hheap                                       heap         000000
__Hibigdata                                   ibigdata     000000
__Hidata                                      idata        000000
__HidataBANK5                                 idataBANK5   000000
__HidataBANK7                                 idataBANK7   000000
__HidataBANK8                                 idataBANK8   000000
__HidataBANK9                                 idataBANK9   000000
__Hidloc                                      idloc        000000
__Hifardata                                   ifardata     000000
__Hinit                                       init         00001E
__Hintsave_regs                               intsave_regs 000000
__Hirdata                                     irdata       000000
__Hivt0x8                                     ivt0x8       00001A
__Hmediumconst                                mediumconst  010000
__HnvBANK7                                    nvBANK7      000000
__HnvBANK8                                    nvBANK8      000000
__HnvBANK9                                    nvBANK9      000000
__HnvFARRAM                                   nvFARRAM     000000
__Hnvbit                                      nvbit        000000
__Hnvrram                                     nvrram       000000
__Hparam                                      rparam       000000
__Hpowerup                                    powerup      000000
__Hram                                        ram          000000
__Hramtop                                     ramtop       004000
__Hrbit                                       rbit         000000
__Hrbss                                       rbss         000000
__Hrdata                                      rdata        000000
__Hreset_vec                                  reset_vec    000004
__Hrparam                                     rparam       000000
__Hsfr                                        sfr          000000
__Hsmallconst                                 smallconst   000000
__Hspace_0                                    (abs)        016B58
__Hspace_1                                    (abs)        001026
__Hspace_2                                    (abs)        000000
__Hspace_4                                    (abs)        60001F
__Hstack                                      stack        000000
__Hstruct                                     struct       000000
__Htemp                                       temp         000000
__Htext                                       text         000000
__Htext0                                      text0        000000
__Htext1                                      text1        000000
__Htext10                                     text10       000000
__Htext100                                    text100      000000
__Htext101                                    text101      000000
__Htext102                                    text102      000000
__Htext11                                     text11       000000
__Htext12                                     text12       000000
__Htext13                                     text13       000000
__Htext14                                     text14       000000
__Htext15                                     text15       000000
__Htext16                                     text16       000000
__Htext17                                     text17       000000
__Htext18                                     text18       000000
__Htext19                                     text19       000000
__Htext2                                      text2        000000
__Htext20                                     text20       000000
__Htext21                                     text21       000000
__Htext22                                     text22       000000
__Htext23                                     text23       000000
__Htext24                                     text24       000000
__Htext25                                     text25       000000
__Htext26                                     text26       000000
__Htext27                                     text27       000000
__Htext28                                     text28       000000
__Htext29                                     text29       000000
__Htext3                                      text3        000000
__Htext30                                     text30       000000
__Htext31                                     text31       000000
__Htext32                                     text32       000000
__Htext33                                     text33       000000
__Htext34                                     text34       000000
__Htext35                                     text35       000000
__Htext36                                     text36       000000
__Htext37                                     text37       000000
__Htext38                                     text38       000000
__Htext39                                     text39       000000
__Htext4                                      text4        000000
__Htext40                                     text40       000000
__Htext41                                     text41       000000
__Htext42                                     text42       000000
__Htext43                                     text43       000000
__Htext44                                     text44       000000
__Htext45                                     text45       000000
__Htext46                                     text46       000000
__Htext47                                     text47       000000
__Htext48                                     text48       000000
__Htext49                                     text49       000000
__Htext5                                      text5        000000
__Htext50                                     text50       000000
__Htext51                                     text51       000000
__Htext52                                     text52       000000
__Htext53                                     text53       000000
__Htext54                                     text54       000000
__Htext55                                     text55       000000
__Htext56                                     text56       000000
__Htext57                                     text57       000000
__Htext58                                     text58       000000
__Htext59                                     text59       000000
__Htext6                                      text6        000000
__Htext60                                     text60       000000
__Htext61                                     text61       000000
__Htext62                                     text62       000000
__Htext63                                     text63       000000
__Htext64                                     text64       000000
__Htext65                                     text65       000000
__Htext66                                     text66       000000
__Htext67                                     text67       000000
__Htext68                                     text68       000000
__Htext69                                     text69       000000
__Htext7                                      text7        000000
__Htext70                                     text70       000000
__Htext71                                     text71       000000
__Htext72                                     text72       000000
__Htext73                                     text73       000000
__Htext74                                     text74       000000
__Htext75                                     text75       000000
__Htext76                                     text76       000000
__Htext77                                     text77       000000
__Htext78                                     text78       000000
__Htext79                                     text79       000000
__Htext8                                      text8        000000
__Htext80                                     text80       000000
__Htext81                                     text81       000000
__Htext82                                     text82       000000
__Htext83                                     text83       000000
__Htext84                                     text84       000000
__Htext85                                     text85       000000
__Htext86                                     text86       000000
__Htext87                                     text87       000000
__Htext88                                     text88       000000
__Htext89                                     text89       000000
__Htext9                                      text9        000000
__Htext90                                     text90       000000
__Htext91                                     text91       000000
__Htext92                                     text92       000000
__Htext93                                     text93       000000
__Htext94                                     text94       000000
__Htext95                                     text95       000000
__Htext96                                     text96       000000
__Htext97                                     text97       000000
__Htext98                                     text98       000000
__Htext99                                     text99       000000
__LRAM                                        (abs)        000001
__L__absolute__                               __absolute__ 000000
__Labs1                                       abs1         000000
__Lbank10                                     bank10       000000
__Lbank11                                     bank11       000000
__Lbank12                                     bank12       000000
__Lbank13                                     bank13       000000
__Lbank14                                     bank14       000000
__Lbank15                                     bank15       000000
__Lbank16                                     bank16       000000
__Lbank17                                     bank17       000000
__Lbank18                                     bank18       000000
__Lbank19                                     bank19       000000
__Lbank20                                     bank20       000000
__Lbank21                                     bank21       000000
__Lbank22                                     bank22       000000
__Lbank23                                     bank23       000000
__Lbank24                                     bank24       000000
__Lbank25                                     bank25       000000
__Lbank26                                     bank26       000000
__Lbank27                                     bank27       000000
__Lbank28                                     bank28       000000
__Lbank29                                     bank29       000000
__Lbank30                                     bank30       000000
__Lbank31                                     bank31       000000
__Lbank32                                     bank32       000000
__Lbank33                                     bank33       000000
__Lbank34                                     bank34       000000
__Lbank35                                     bank35       000000
__Lbank36                                     bank36       000000
__Lbank37                                     bank37       000000
__Lbank38                                     bank38       000000
__Lbank39                                     bank39       000000
__Lbank40                                     bank40       000000
__Lbank41                                     bank41       000000
__Lbank42                                     bank42       000000
__Lbank43                                     bank43       000000
__Lbank44                                     bank44       000000
__Lbank45                                     bank45       000000
__Lbank46                                     bank46       000000
__Lbank47                                     bank47       000000
__Lbank48                                     bank48       000000
__Lbank49                                     bank49       000000
__Lbank5                                      bank5        000000
__Lbank50                                     bank50       000000
__Lbank51                                     bank51       000000
__Lbank52                                     bank52       000000
__Lbank53                                     bank53       000000
__Lbank54                                     bank54       000000
__Lbank6                                      bank6        000000
__Lbank7                                      bank7        000000
__Lbank8                                      bank8        000000
__Lbank9                                      bank9        000000
__Lbigbss                                     bigbss       000000
__Lbigdata                                    bigdata      000000
__Lbigram                                     bigram       000000
__Lbigsfr                                     bigsfr       000000
__Lbss                                        bss          000000
__LbssBANK10                                  bssBANK10    000000
__LbssBANK11                                  bssBANK11    000000
__LbssBANK12                                  bssBANK12    000000
__LbssBANK13                                  bssBANK13    000000
__LbssBANK14                                  bssBANK14    000000
__LbssBANK5                                   bssBANK5     000000
__LbssBANK6                                   bssBANK6     000000
__LbssBANK7                                   bssBANK7     000000
__LbssBANK8                                   bssBANK8     000000
__LbssBANK9                                   bssBANK9     000000
__LbssBIGRAM                                  bssBIGRAM    000000
__LbssCOMRAM                                  bssCOMRAM    000000
__Lcinit                                      cinit        000000
__Lclrtext                                    clrtext      000000
__Lcomram                                     comram       000000
__Lconfig                                     config       000000
__Lconst                                      const        000000
__LcstackBANK5                                cstackBANK5  000000
__LcstackBANK6                                cstackBANK6  000000
__LcstackCOMRAM                               cstackCOMRAM 000000
__Ldata                                       data         000000
__LdataBANK5                                  dataBANK5    000000
__LdataBANK7                                  dataBANK7    000000
__LdataBANK8                                  dataBANK8    000000
__LdataBANK9                                  dataBANK9    000000
__Leeprom_data                                eeprom_data  000000
__Lfarbss                                     farbss       000000
__Lfardata                                    fardata      000000
__Lheap                                       heap         000000
__Libigdata                                   ibigdata     000000
__Lidata                                      idata        000000
__LidataBANK5                                 idataBANK5   000000
__LidataBANK7                                 idataBANK7   000000
__LidataBANK8                                 idataBANK8   000000
__LidataBANK9                                 idataBANK9   000000
__Lidloc                                      idloc        000000
__Lifardata                                   ifardata     000000
__Linit                                       init         00001A
__Lintsave_regs                               intsave_regs 000000
__Lirdata                                     irdata       000000
__Livt0x8                                     ivt0x8       000008
__Lmediumconst                                mediumconst  00FE1A
__LnvBANK7                                    nvBANK7      000000
__LnvBANK8                                    nvBANK8      000000
__LnvBANK9                                    nvBANK9      000000
__LnvFARRAM                                   nvFARRAM     000000
__Lnvbit                                      nvbit        000000
__Lnvrram                                     nvrram       000000
__Lparam                                      rparam       000000
__Lpowerup                                    powerup      000000
__Lram                                        ram          000000
__Lramtop                                     ramtop       004000
__Lrbit                                       rbit         000000
__Lrbss                                       rbss         000000
__Lrdata                                      rdata        000000
__Lreset_vec                                  reset_vec    000000
__Lrparam                                     rparam       000000
__Lsfr                                        sfr          000000
__Lsmallconst                                 smallconst   000000
__Lspace_0                                    (abs)        000000
__Lspace_1                                    (abs)        000000
__Lspace_2                                    (abs)        000000
__Lspace_4                                    (abs)        000000
__Lstack                                      stack        000000
__Lstruct                                     struct       000000
__Ltemp                                       temp         000000
__Ltext                                       text         000000
__Ltext0                                      text0        000000
__Ltext1                                      text1        000000
[...]
_uart2TxTail                                  bssBANK5     0005F4
_uart_transmit                                text51       015FAE
_utoa                                         text22       014F7C
_vfpfcnvrt                                    text21       0145B4
_vfprintf                                     text20       01631C
_waitForNextCANMsg                            text37       015ED4
_waitForNextGUIMsg                            text3        015E66
_width                                        bssBANK7     0007D8
canTransmit@TRANSMIT_MESSAGE                  cstackBANK5  000584
canTransmit@TransmitData                      cstackBANK5  000581
canTransmit@data_length                       cstackBANK5  000580
canTransmit@messageID                         cstackBANK5  00057C
ceilf@F526                                    bssBANK7     0007C6
ceilf@e                                       cstackBANK5  0005A5
ceilf@m                                       cstackBANK5  0005A1
ceilf@u                                       cstackBANK5  0005A7
ceilf@x                                       cstackBANK5  000597
end_of_initialization                         cinit        014F76
events@BMS_ID                                 cstackBANK6  0006CA
events@BMS_bootloader_data                    cstackBANK6  0006E2
events@bootloader_string                      cstackBANK6  000666
events@bootloader_ver                         cstackBANK6  0006DB
events@count                                  cstackBANK6  0006EE
events@firmware_loc                           cstackBANK6  0006CE
events@firmware_ver                           cstackBANK6  0006DA
events@frame_count                            cstackBANK6  0006D2
events@i                                      cstackBANK6  0006F0
events@j                                      cstackBANK6  0006EC
events@k                                      cstackBANK6  0006EA
events@ptr                                    cstackBANK6  0006D4
events@ptr1                                   cstackBANK6  0006D8
events@ptr_2171                               cstackBANK6  0006D6
events@token                                  cstackBANK6  0006DC
events@token1                                 cstackBANK6  0006E0
events@token_2169                             cstackBANK6  0006DE
fputc@c                                       cstackBANK5  000562
fputc@fp                                      cstackBANK5  000564
fputs@c                                       cstackBANK5  00056F
fputs@fp                                      cstackBANK5  00056D
fputs@i                                       cstackBANK5  000570
fputs@s                                       cstackBANK5  00056B
i2_memcpy                                     text99       016514
i2memcpy@d                                    cstackCOMRAM 000507
i2memcpy@d1                                   cstackCOMRAM 000501
i2memcpy@n                                    cstackCOMRAM 000505
i2memcpy@s                                    cstackCOMRAM 000509
i2memcpy@s1                                   cstackCOMRAM 000503
i2memcpy@tmp                                  cstackCOMRAM 00050B
intlevel0                                     text         000000
intlevel1                                     text         000000
intlevel2                                     text         000000
intlevel3                                     text         000000
isTxChannel@channel                           cstackBANK5  000561
isa$std                                       (abs)        000001
isa$xinst                                     (abs)        000000
isalnum@c                                     cstackBANK5  000566
isalpha@c                                     cstackBANK5  000560
isdigit@c                                     cstackBANK5  000560
islower@c                                     cstackBANK5  000560
isspace@c                                     cstackBANK5  000560
ivt0x8_base                                   ivt0x8       000008
main@i                                        cstackBANK5  0005CF
main@i_1820                                   cstackBANK5  0005D1
main@i_1821                                   cstackBANK5  0005D3
memcpy@d                                      cstackBANK5  000566
memcpy@d1                                     cstackBANK5  000560
memcpy@n                                      cstackBANK5  000564
memcpy@s                                      cstackBANK5  000568
memcpy@s1                                     cstackBANK5  000562
memcpy@tmp                                    cstackBANK5  00056A
pad@buf                                       cstackBANK5  000574
pad@fp                                        cstackBANK5  000572
pad@i                                         cstackBANK5  000579
pad@p                                         cstackBANK5  000576
pad@w                                         cstackBANK5  00057B
putch@txData                                  cstackBANK5  000561
sd_data_flow@can_rx_sd_index                  cstackBANK5  0005B2
sd_data_flow@i                                cstackBANK5  0005B3
sprintf@ap                                    cstackBANK5  0005A2
sprintf@f                                     cstackBANK5  0005A4
sprintf@fmt                                   cstackBANK6  000602
sprintf@s                                     cstackBANK6  000600
stackhi                                       (abs)        000000
stacklo                                       (abs)        000000
start                                         init         00001A
start_initialization                          cinit        014E58
strchr@c                                      cstackBANK5  000562
strchr@s                                      cstackBANK5  000560
strcspn@c                                     cstackBANK5  000568
strcspn@i                                     cstackBANK5  00056B
strcspn@s                                     cstackBANK5  000566
strlen@a                                      cstackBANK5  000562
strlen@s                                      cstackBANK5  000560
strncmp@_l                                    cstackBANK5  000560
strncmp@_r                                    cstackBANK5  000562
strncmp@l                                     cstackBANK5  000567
strncmp@n                                     cstackBANK5  000564
strncmp@r                                     cstackBANK5  000569
strspn@c                                      cstackBANK5  000568
strspn@i                                      cstackBANK5  00056B
strspn@s                                      cstackBANK5  000566
strstr@h                                      cstackBANK5  00056B
strstr@n                                      cstackBANK5  00056D
strstr@nl                                     cstackBANK5  00056F
strtok@p                                      bssBANK5     0005DD
strtok@s                                      cstackBANK5  00056D
strtok@sep                                    cstackBANK5  00056F
strtol@base                                   cstackBANK5  00058E
strtol@endptr                                 cstackBANK5  00058C
strtol@s                                      cstackBANK5  00058A
toupper@c                                     cstackBANK5  000564
uart_transmit@uart_data                       cstackBANK5  000564
utoa@d                                        cstackBANK5  00057F
utoa@fp                                       cstackBANK5  00057D
utoa@i                                        cstackBANK5  000587
utoa@p                                        cstackBANK5  000585
utoa@w                                        cstackBANK5  000583
vfpfcnvrt@ap                                  cstackBANK5  00058D
vfpfcnvrt@c                                   cstackBANK5  000597
vfpfcnvrt@convarg                             cstackBANK5  000593
vfpfcnvrt@cp                                  cstackBANK5  000598
vfpfcnvrt@fmt                                 cstackBANK5  00058B
vfpfcnvrt@fp                                  cstackBANK5  000589
vfprintf@ap                                   cstackBANK5  00059E
vfprintf@cfmt                                 cstackBANK5  0005A0
vfprintf@fmt                                  cstackBANK5  00059C
vfprintf@fp                                   cstackBANK5  00059A


MODULE INFORMATION

Module		Function		Class		Link	Load	Size
state_machine.c
		_current_state 		CODE           	16470	0000	82
		_comns_test    		CODE           	16936	0000	40

state_machine.c estimated size: 122

C:\Program Files\Microchip\xc8\v2.41\pic\sources\c99\common\toupper.c
		_toupper       		CODE           	16680	0000	58

C:\Program Files\Microchip\xc8\v2.41\pic\sources\c99\common\toupper.c estimated size: 58

C:\Program Files\Microchip\xc8\v2.41\pic\sources\c99\common\isalpha.c
		_isalpha       		CODE           	166BA	0000	58

C:\Program Files\Microchip\xc8\v2.41\pic\sources\c99\common\isalpha.c estimated size: 58

mcc_generated_files/can1.c
		_ReadMessageFromFifo		CODE           	1415C	0000	560
		_ValidateTransmission		CODE           	153CC	0000	232
		_Receive       		CODE           	1559A	0000	230
		_CAN1_TX_FIFO_Configuration		CODE           	16A70	0000	20
		_GetRxFifoDepth		CODE           	169D0	0000	30
		_CAN1_OperationModeGet		CODE           	16B12	0000	10
		_CAN1_Initialize		CODE           	1641C	0000	84
		_CAN1_SetFIFO1NotEmptyHandler		CODE           	16B04	0000	14
		_CAN1_TransmitFIFOStatusGet		CODE           	167C4	0000	50
		_CAN1_Transmit 		CODE           	15B10	0000	154
		_CAN1_RX_FIFO_FilterMaskConfiguration		CODE           	16986	0000	40
		_CAN1_RX_FIFO_Configuration		CODE           	16882	0000	46
		_GetRxFifoStatus		CODE           	16A58	0000	24
		_CAN1_ReceivedMessageCountGet		CODE           	1582E	0000	202
		_isTxChannel   		CODE           	165F4	0000	70
		_GetTxFifoStatus		CODE           	169EE	0000	28
		_WriteMessageToFifo		CODE           	13F28	0000	564
		_CAN1_RX_FIFO_ResetInfo		CODE           	1690A	0000	44
		_CAN1_OperationModeSet		CODE           	15BAA	0000	152
		_CAN1_RXI_ISR  		CODE           	168B0	0000	46
		_CAN1_ReceiveFrom		CODE           	1626C	0000	90

mcc_generated_files/can1.c estimated size: 2690

mcc_generated_files/uart2.c
		_UART2_DefaultErrorHandler		CODE           	16B4C	0000	6
		_UART2_RxDataHandler		CODE           	159C0	0000	170
		_UART2_DefaultOverrunErrorHandler		CODE           	16B54	0000	2
		_putch         		CODE           	16A94	0000	14
		_UART2_Write   		CODE           	16212	0000	90
		_UART2_SetFramingErrorHandler		CODE           	16ACC	0000	14
		_UART2_SetOverrunErrorHandler		CODE           	16ABE	0000	14
		_UART2_Receive_ISR		CODE           	158F8	0000	200
		_UART2_SetRxInterruptHandler		CODE           	16AB0	0000	14
		_UART2_SetTxInterruptHandler		CODE           	16AA2	0000	14
		_UART2_Initialize		CODE           	151B4	0000	272
		_UART2_SetErrorHandler		CODE           	16ADA	0000	14
		_UART2_Transmit_ISR		CODE           	1663A	0000	70
		_UART2_DefaultFramingErrorHandler		CODE           	16B56	0000	2

mcc_generated_files/uart2.c estimated size: 896

C:\Program Files\Microchip\xc8\v2.41\pic\sources\c99\common\llmod.c
		___llmod       		CODE           	15CD4	0000	138

C:\Program Files\Microchip\xc8\v2.41\pic\sources\c99\common\llmod.c estimated size: 138

C:\Program Files\Microchip\xc8\v2.41\pic\sources\c99\common\Umul32.c
		___lmul        		CODE           	15F42	0000	108

C:\Program Files\Microchip\xc8\v2.41\pic\sources\c99\common\Umul32.c estimated size: 108

GUI_data_handle.c
		_uart_transmit 		CODE           	15FAE	0000	108
		_command_service		CODE           	13BBC	0000	876
		_AT_command_search		CODE           	12470	0000	1744

GUI_data_handle.c estimated size: 2728

C:\Program Files\Microchip\xc8\v2.41\pic\sources\c99\common\ceilf.c
		_ceilf         		CODE           	147D2	0000	534

C:\Program Files\Microchip\xc8\v2.41\pic\sources\c99\common\ceilf.c estimated size: 534

C:\Program Files\Microchip\xc8\v2.41\pic\sources\c99\common\fltol.c
		___fltol       		CODE           	152C4	0000	264

C:\Program Files\Microchip\xc8\v2.41\pic\sources\c99\common\fltol.c estimated size: 264

C:\Program Files\Microchip\xc8\v2.41\pic\sources\c99\common\xxtofl.c
		___xxtofl      		CODE           	149E8	0000	440

C:\Program Files\Microchip\xc8\v2.41\pic\sources\c99\common\xxtofl.c estimated size: 440

C:\Program Files\Microchip\xc8\v2.41\pic\sources\c99\common\__lldiv.c
		___lldiv       		CODE           	15A6A	0000	166

C:\Program Files\Microchip\xc8\v2.41\pic\sources\c99\common\__lldiv.c estimated size: 166

C:\Program Files\Microchip\xc8\v2.41\pic\sources\c99\common\__strtoxl.c
		___strtoxl     		CODE           	13002	0000	1186

C:\Program Files\Microchip\xc8\v2.41\pic\sources\c99\common\__strtoxl.c estimated size: 1186

mcc_generated_files/tmr2.c
		_TMR2_ISR      		CODE           	1675C	0000	52
		_TMR2_Initialize		CODE           	16728	0000	52
		_TMR2_Stop     		CODE           	16B40	0000	6
		_TMR2_Start    		CODE           	16B46	0000	6
		_TMR2_SetInterruptHandler		CODE           	16AE8	0000	14

mcc_generated_files/tmr2.c estimated size: 130

mcc_generated_files/interrupt_manager.c
		_INTERRUPT_Initialize		CODE           	16A84	0000	16
		_INTERRUPT_InterruptManagerHigh		CODE           	1509E	0000	278

mcc_generated_files/interrupt_manager.c estimated size: 294

C:\Program Files\Microchip\xc8\v2.41\pic\sources\c99\common\strcspn.c
		_strcspn       		CODE           	16084	0000	106

C:\Program Files\Microchip\xc8\v2.41\pic\sources\c99\common\strcspn.c estimated size: 106

C:\Program Files\Microchip\xc8\v2.41\pic\sources\c99\common\nf_fputc.c
		_fputc         		CODE           	15762	0000	204

C:\Program Files\Microchip\xc8\v2.41\pic\sources\c99\common\nf_fputc.c estimated size: 204

C:\Program Files\Microchip\xc8\v2.41\pic\sources\c99\common\strlen.c
		_strlen        		CODE           	163C8	0000	84

C:\Program Files\Microchip\xc8\v2.41\pic\sources\c99\common\strlen.c estimated size: 84

mcc_generated_files/tmr0.c
		_TMR0_SetInterruptHandler		CODE           	16AF6	0000	14
		_TMR0_StopTimer		CODE           	16B34	0000	6
		_TMR0_StartTimer		CODE           	16B3A	0000	6
		_TMR0_ISR      		CODE           	16790	0000	52
		_TMR0_Initialize		CODE           	168DE	0000	44

mcc_generated_files/tmr0.c estimated size: 122

C:\Program Files\Microchip\xc8\v2.41\pic\sources\c99\common\strchr.c
		_strchr        		CODE           	15D5E	0000	138

C:\Program Files\Microchip\xc8\v2.41\pic\sources\c99\common\strchr.c estimated size: 138

C:\Program Files\Microchip\xc8\v2.41\pic\sources\c99\common\isdigit.c
		_isdigit       		CODE           	16854	0000	46

C:\Program Files\Microchip\xc8\v2.41\pic\sources\c99\common\isdigit.c estimated size: 46

C:\Program Files\Microchip\xc8\v2.41\pic\sources\c99\common\nf_sprintf.c
		_sprintf       		CODE           	162C6	0000	86

C:\Program Files\Microchip\xc8\v2.41\pic\sources\c99\common\nf_sprintf.c estimated size: 86

mcc_generated_files/pin_manager.c
		_PIN_MANAGER_Initialize		CODE           	160EE	0000	102

mcc_generated_files/pin_manager.c estimated size: 102

C:\Program Files\Microchip\xc8\v2.41\pic\sources\c99\common\sprcadd.c
		___fladd       		CODE           	12B40	0000	1218

C:\Program Files\Microchip\xc8\v2.41\pic\sources\c99\common\sprcadd.c estimated size: 1218

C:\Program Files\Microchip\xc8\v2.41\pic\sources\c99\common\strtol.c
		_strtol        		CODE           	166F4	0000	52

C:\Program Files\Microchip\xc8\v2.41\pic\sources\c99\common\strtol.c estimated size: 52

flow_control.c
		_B2G_config_data_flow		CODE           	1438C	0000	552
		_TMR0_DefaultInterruptHandler		CODE           	16B2C	0000	8
		_sd_data_flow  		CODE           	11D5A	0000	1814
		_TMR2_DefaultInterruptHandler		CODE           	16B24	0000	8
		_waitForNextCANMsg		CODE           	15ED4	0000	110
		_waitForNextGUIMsg		CODE           	15E66	0000	110

flow_control.c estimated size: 2602

C:\Program Files\Microchip\xc8\v2.41\pic\sources\c99\common\doprnt.c
		_vfpfcnvrt     		CODE           	145B4	0000	542
		_pad           		CODE           	15DE8	0000	126
		_vfprintf      		CODE           	1631C	0000	86
		_utoa          		CODE           	14F7C	0000	290

C:\Program Files\Microchip\xc8\v2.41\pic\sources\c99\common\doprnt.c estimated size: 1044

C:\Program Files\Microchip\xc8\v2.41\pic\sources\c99\common\strspn.c
		_strspn        		CODE           	1601A	0000	106

C:\Program Files\Microchip\xc8\v2.41\pic\sources\c99\common\strspn.c estimated size: 106

OBD_tool_events.c
		_events        		CODE           	10000	0000	5338

OBD_tool_events.c estimated size: 5338

C:\Program Files\Microchip\xc8\v2.41\pic\sources\c99\common\isalnum.c
		_isalnum       		CODE           	16154	0000	98

C:\Program Files\Microchip\xc8\v2.41\pic\sources\c99\common\isalnum.c estimated size: 98

shared
		_FIFO          		MEDIUMCONST    	0000	0000	0
		_DLC_BYTES     		MEDIUMCONST    	FE1B	0000	9
		_test          		MEDIUMCONST    	FE26	0000	10
		__initialization		CODE           	14E58	0000	286
		i2_memcpy      		CODE           	16514	0000	80

shared estimated size: 385

mcc_generated_files/mcc.c
		_PMD_Initialize		CODE           	1695E	0000	40
		_OSCILLATOR_Initialize		CODE           	16A40	0000	24
		_SYSTEM_Initialize		CODE           	169AE	0000	34

mcc_generated_files/mcc.c estimated size: 98

C:\Program Files\Microchip\xc8\v2.41\pic\sources\c99\common\memcpy.c
		_memcpy        		CODE           	164C2	0000	82

C:\Program Files\Microchip\xc8\v2.41\pic\sources\c99\common\memcpy.c estimated size: 82

BMS_data_handle.c
		_DefaultFIFO1NotEmptyHandler		CODE           	114DA	0000	2176
		_CAN1_BitRateConfiguration		CODE           	15C42	0000	146
		_CAN_main_data 		CODE           	13840	0000	892
		_canTransmit   		CODE           	161B6	0000	92

BMS_data_handle.c estimated size: 3306

C:\Program Files\Microchip\xc8\v2.41\pic\sources\c99\common\strstr.c
		_strstr        		CODE           	154B4	0000	230

C:\Program Files\Microchip\xc8\v2.41\pic\sources\c99\common\strstr.c estimated size: 230

C:\Program Files\Microchip\xc8\v2.41\pic\sources\c99\common\nf_fputs.c
		_fputs         		CODE           	165AC	0000	72

C:\Program Files\Microchip\xc8\v2.41\pic\sources\c99\common\nf_fputs.c estimated size: 72

mcc_generated_files/memory.c
		_DATAEE_WriteByte		CODE           	16372	0000	86
		_DATAEE_ReadByte		CODE           	16A0A	0000	28

mcc_generated_files/memory.c estimated size: 114

C:\Program Files\Microchip\xc8\v2.41\pic\sources\c99\common\isspace.c
		_isspace       		CODE           	16564	0000	72

C:\Program Files\Microchip\xc8\v2.41\pic\sources\c99\common\isspace.c estimated size: 72

C:\Program Files\Microchip\xc8\v2.41\pic\sources\c99\common\islower.c
		_islower       		CODE           	16826	0000	46

C:\Program Files\Microchip\xc8\v2.41\pic\sources\c99\common\islower.c estimated size: 46

main.c
		_main          		CODE           	14BA0	0000	388

main.c estimated size: 388

C:\Program Files\Microchip\xc8\v2.41\pic\sources\c99\common\strncmp.c
		_strncmp       		CODE           	14D24	0000	308

C:\Program Files\Microchip\xc8\v2.41\pic\sources\c99\common\strncmp.c estimated size: 308

C:\Program Files\Microchip\xc8\v2.41\pic\sources\c99\common\strtok.c
		_strtok        		CODE           	15680	0000	226

C:\Program Files\Microchip\xc8\v2.41\pic\sources\c99\common\strtok.c estimated size: 226

C:\Program Files\Microchip\xc8\v2.41\pic\sources\c99\common\sprcdiv.c
		___fldiv       		CODE           	134A4	0000	924

C:\Program Files\Microchip\xc8\v2.41\pic\sources\c99\common\sprcdiv.c estimated size: 924

